%!Adobe-FontList 1.23
%Locale:0x403

%BeginFont
Handler:DirectoryHandler
FontType:TrueType
FontName:BookAntiqua
FamilyName:Book Antiqua
StyleName:Regular
FullName:Book Antiqua
MenuName:Book Antiqua
StyleBits:0
WritingScript:Roman
OutlineFileName:C:\Users\RIK\Documents\GitHub\MoveNonviolence\pdf_indesigns\10 ES\Document fonts\BKANT.TTF
DataFormat:sfntData
hasSVG:no
VariableFontType:NonVariableFont
FileLength:155528
FileModTime:1654374558
WeightClass:400
WidthClass:5
AngleClass:0
NameArray:0,Mac,4,Book Antiqua
NameArray:0,Win,1,Book Antiqua
%EndFont

%BeginFont
Handler:DirectoryHandler
FontType:Type1
FontName:CircularStd-Black
FamilyName:Circular Std
StyleName:Black
FullName:Circular Std Black
MenuName:Circular Std Black
StyleBits:0
WritingScript:Roman
OutlineFileName:C:\Users\RIK\Documents\GitHub\MoveNonviolence\pdf_indesigns\10 ES\Document fonts\CircularStd-Black.otf
DataFormat:sfntData
UsesStandardEncoding:yes
isCFF:yes
hasSVG:no
VariableFontType:NonVariableFont
FileLength:74500
FileModTime:1654374558
WeightClass:900
WidthClass:5
AngleClass:0
NameArray:0,Mac,4,Circular Std Black
NameArray:0,Win,1,Circular Std Black
NameArray:0,Win,16,Circular Std
%EndFont

%BeginFont
Handler:DirectoryHandler
FontType:TrueType
FontName:DomesticManners
FamilyName:Domestic Manners
StyleName:Regular
FullName:Domestic Manners
MenuName:Domestic Manners
StyleBits:0
WritingScript:Roman
OutlineFileName:C:\Users\RIK\Documents\GitHub\MoveNonviolence\pdf_indesigns\10 ES\Document fonts\Domestic_Manners.ttf
DataFormat:sfntData
hasSVG:no
VariableFontType:NonVariableFont
FileLength:71116
FileModTime:1654374558
WeightClass:400
WidthClass:5
AngleClass:0
NameArray:0,Mac,18,Domestic Manners
NameArray:0,Mac,4,Domestic Manners
NameArray:0,Win,1,Domestic Manners
NameArray:0,Win,16,Domestic Manners
%EndFont

%BeginFont
Handler:DirectoryHandler
FontType:Type1
FontName:MinionPro-Regular
FamilyName:Minion Pro
StyleName:Regular
FullName:Minion Pro
MenuName:Minion Pro
StyleBits:0
WritingScript:Roman
OutlineFileName:C:\Users\RIK\Documents\GitHub\MoveNonviolence\pdf_indesigns\10 ES\Document fonts\MinionPro-Regular.otf
DataFormat:sfntData
UsesStandardEncoding:yes
isCFF:yes
hasSVG:no
VariableFontType:NonVariableFont
FileLength:218640
FileModTime:1654374558
WeightClass:400
WidthClass:5
AngleClass:0
DesignSize:110
NameArray:0,Mac,4,Minion Pro
NameArray:0,Win,1,Minion Pro
%EndFont

