%!Adobe-FontList 1.23
%Locale:0x403

%BeginFont
Handler:DirectoryHandler
FontType:Type1
FontName:CircularStd-Black
FamilyName:Circular Std
StyleName:Black
FullName:Circular Std Black
MenuName:Circular Std Black
StyleBits:0
WritingScript:Roman
OutlineFileName:D:\Dades\Pastoral\16_Lleida\CiJ\GTNOVACristiana\MouLaNoviolència\ORIGINALS Indesigns\09 EN\Document fonts\CircularStd-Black.otf
DataFormat:sfntData
UsesStandardEncoding:yes
isCFF:yes
hasSVG:no
VariableFontType:NonVariableFont
FileLength:74500
FileModTime:1654374558
WeightClass:900
WidthClass:5
AngleClass:0
NameArray:0,Mac,4,Circular Std Black
NameArray:0,Win,1,Circular Std Black
NameArray:0,Win,16,Circular Std
%EndFont

%BeginFont
Handler:DirectoryHandler
FontType:TrueType
FontName:InkFree
FamilyName:Ink Free
StyleName:Regular
FullName:Ink Free
MenuName:Ink Free
StyleBits:0
WritingScript:Roman
OutlineFileName:D:\Dades\Pastoral\16_Lleida\CiJ\GTNOVACristiana\MouLaNoviolència\ORIGINALS Indesigns\09 EN\Document fonts\Inkfree.ttf
DataFormat:sfntData
hasSVG:no
VariableFontType:NonVariableFont
FileLength:57316
FileModTime:1654374558
WeightClass:400
WidthClass:5
AngleClass:0
NameArray:0,Mac,4,Ink Free
NameArray:0,Win,1,Ink Free
%EndFont

%BeginFont
Handler:DirectoryHandler
FontType:Type1
FontName:MinionPro-Regular
FamilyName:Minion Pro
StyleName:Regular
FullName:Minion Pro
MenuName:Minion Pro
StyleBits:0
WritingScript:Roman
OutlineFileName:D:\Dades\Pastoral\16_Lleida\CiJ\GTNOVACristiana\MouLaNoviolència\ORIGINALS Indesigns\09 EN\Document fonts\MinionPro-Regular.otf
DataFormat:sfntData
UsesStandardEncoding:yes
isCFF:yes
hasSVG:no
VariableFontType:NonVariableFont
FileLength:218640
FileModTime:1654374558
WeightClass:400
WidthClass:5
AngleClass:0
DesignSize:110
NameArray:0,Mac,4,Minion Pro
NameArray:0,Win,1,Minion Pro
%EndFont

%BeginFont
Handler:DirectoryHandler
FontType:TrueType
FontName:ArialMT
FamilyName:Arial
StyleName:Regular
FullName:Arial
MenuName:Arial
StyleBits:0
WritingScript:Roman
OutlineFileName:D:\Dades\Pastoral\16_Lleida\CiJ\GTNOVACristiana\MouLaNoviolència\ORIGINALS Indesigns\09 EN\Document fonts\arial.ttf
DataFormat:sfntData
hasSVG:no
VariableFontType:NonVariableFont
FileLength:1036584
FileModTime:1654374558
WeightClass:400
WidthClass:5
AngleClass:0
NameArray:0,Mac,4,Arial
NameArray:0,Win,1,Arial
%EndFont

